micros.h:26:26:micros	4	static
mpu9250.c:30:9:setupMPU	96	static
mpu9250.c:63:6:calibrate	208	static
mpu9250.c:76:6:print_float	16	static
mpu9250.c:81:6:print_calibration	184	static
mpu9250.c:123:6:sleep	24	static
mpu9250.c:133:9:isConnectedMPU9250	16	static
mpu9250.c:140:9:isConnectedAK8963	16	static
mpu9250.c:144:9:MPUisConnected	16	static
mpu9250.c:149:9:MPUisSleeping	16	static
mpu9250.c:153:9:MPUavailable	16	static
mpu9250.c:157:9:updateMPU	56	static
mpu9250.c:198:7:getRoll	16	static
mpu9250.c:199:7:getPitch	16	static
mpu9250.c:200:7:getYaw	16	static
mpu9250.c:202:7:getEulerX	16	static
mpu9250.c:203:7:getEulerY	16	static
mpu9250.c:204:7:getEulerZ	16	static
mpu9250.c:206:7:getQuaternionX	16	static
mpu9250.c:207:7:getQuaternionY	16	static
mpu9250.c:208:7:getQuaternionZ	16	static
mpu9250.c:209:7:getQuaternionW	16	static
mpu9250.c:211:7:getAcc	16	static
mpu9250.c:212:7:getGyro	16	static
mpu9250.c:213:7:getMag	16	static
mpu9250.c:214:7:getLinearAcc	16	static
mpu9250.c:216:7:getAccX	16	static
mpu9250.c:217:7:getAccY	16	static
mpu9250.c:218:7:getAccZ	16	static
mpu9250.c:219:7:getGyroX	16	static
mpu9250.c:220:7:getGyroY	16	static
mpu9250.c:221:7:getGyroZ	16	static
mpu9250.c:222:7:getMagX	16	static
mpu9250.c:223:7:getMagY	16	static
mpu9250.c:224:7:getMagZ	16	static
mpu9250.c:225:7:getLinearAccX	16	static
mpu9250.c:226:7:getLinearAccY	16	static
mpu9250.c:227:7:getLinearAccZ	16	static
mpu9250.c:228:7:getAccBias	16	static
mpu9250.c:229:7:getGyroBias	16	static
mpu9250.c:230:7:getMagBias	16	static
mpu9250.c:231:7:getMagScale	16	static
mpu9250.c:232:7:getAccBiasX	16	static
mpu9250.c:233:7:getAccBiasY	16	static
mpu9250.c:234:7:getAccBiasZ	16	static
mpu9250.c:235:7:getGyroBiasX	16	static
mpu9250.c:236:7:getGyroBiasY	16	static
mpu9250.c:237:7:getGyroBiasZ	16	static
mpu9250.c:238:7:getMagBiasX	16	static
mpu9250.c:239:7:getMagBiasY	16	static
mpu9250.c:240:7:getMagBiasZ	16	static
mpu9250.c:241:7:getMagScaleX	16	static
mpu9250.c:242:7:getMagScaleY	16	static
mpu9250.c:243:7:getMagScaleZ	16	static
mpu9250.c:244:7:getTemperature	16	static
mpu9250.c:246:6:setAccBias	24	static
mpu9250.c:252:6:setGyroBias	24	static
mpu9250.c:258:6:setMagBias	24	static
mpu9250.c:263:6:setMagScale	24	static
mpu9250.c:269:6:setMagneticDeclination	16	static
mpu9250.c:273:6:update_rpy	56	static
mpu9250.c:308:6:update_accel_gyro	32	static
mpu9250.c:326:6:update_mag	32	static
mpu9250.c:341:6:readAccelGyro	32	static
mpu9250.c:356:9:readMag	32	static
mpu9250.c:378:6:calibrate_acc_gyro_impl	16	static
mpu9250.c:387:6:set_acc_gyro_to_calibration	8	static
mpu9250.c:419:6:collect_acc_gyro_data_to	56	static
mpu9250.c:457:6:write_accel_offset	48	static
mpu9250.c:502:6:write_gyro_offset	24	static
mpu9250.c:521:6:calibrate_mag_impl	24	static
mpu9250.c:534:6:collect_mag_data_to	152	static
mpu9250.c:588:6:setFilterIterations	16	static
mpu9250.c:593:6:initAK8963	24	static
mpu9250.c:614:6:MPU9250_Init	24	static
mpu9250.c:680:6:getMres	16	static
mpu9250.c:695:6:getGres	16	static
mpu9250.c:717:6:getAres	16	static
mpu9250.c:739:6:readByte	32	static
mpu9250.c:752:6:readBytes	48	static
mpu9250.c:767:6:writeByte	32	static
mpu9250.c:775:6:MPU9250SetDefault	16	static
mpu9250.c:837:6:update_madgwick	56	static
mpu9250.c:846:6:madgwick	456	static
